(node:21480) ExperimentalWarning: `--experimental-loader` may be removed in the future; instead use `register()`:
--import 'data:text/javascript,import { register } from "node:module"; import { pathToFileURL } from "node:url"; register("./_audit/loader.mjs", pathToFileURL("./")); register("./_audit/loader.mjs", pathToFileURL("./"));'
(Use `node --trace-warnings ...` to show where the warning was created)
[Cashfree Webhook] Atomic fulfillment failed: rpc failed: serialization failure
[Cashfree Webhook] Invalid signature — delivery rejected
[Cashfree Webhook] Invalid signature — delivery rejected
[Cashfree Webhook] Missing x-webhook-timestamp header
[Cashfree Webhook] CRITICAL: CASHFREE_WEBHOOK_SECRET not configured
[Cashfree Webhook] Payment failed: auramint_1234abcd_1712345678901
[Cashfree Webhook] Body is not valid JSON
[Cashfree Webhook] CRITICAL: refusing to grant premium {
  orderId: 'auramint_1234abcd_1712345678901',
  reason: 'amount_mismatch',
  providerAmount: 1,
  storedAmount: 9900,
  providerCurrency: 'INR',
  storedCurrency: 'INR'
}
[Cashfree Webhook] CRITICAL: refusing to grant premium {
  orderId: 'auramint_1234abcd_1712345678901',
  reason: 'currency_mismatch',
  providerAmount: 99,
  storedAmount: 9900,
  providerCurrency: 'USD',
  storedCurrency: 'INR'
}
[Cashfree Webhook] CRITICAL: refusing to grant premium {
  orderId: 'auramint_1234abcd_1712345678901',
  reason: 'plan_currency_mismatch',
  providerAmount: 99,
  storedAmount: 9900,
  providerCurrency: 'USD',
  storedCurrency: 'USD'
}
[Cashfree Webhook] CRITICAL: refusing to grant premium {
  orderId: 'auramint_1234abcd_1712345678901',
  reason: 'stored_amount_invalid',
  providerAmount: 99,
  storedAmount: null,
  providerCurrency: 'INR',
  storedCurrency: 'INR'
}
[Cashfree Webhook] CRITICAL: refusing to grant premium {
  orderId: 'auramint_1234abcd_1712345678901',
  reason: 'stored_amount_invalid',
  providerAmount: 99,
  storedAmount: null,
  providerCurrency: 'INR',
  storedCurrency: 'INR'
}
[Cashfree Webhook] CRITICAL: refusing to grant premium {
  orderId: 'auramint_1234abcd_1712345678901',
  reason: 'stored_amount_invalid',
  providerAmount: 99,
  storedAmount: 0,
  providerCurrency: 'INR',
  storedCurrency: 'INR'
}
[Cashfree Webhook] CRITICAL: refusing to grant premium {
  orderId: 'auramint_1234abcd_1712345678901',
  reason: 'stored_amount_invalid',
  providerAmount: 99,
  storedAmount: -9900,
  providerCurrency: 'INR',
  storedCurrency: 'INR'
}
[Cashfree Webhook] CRITICAL: refusing to grant premium {
  orderId: 'auramint_1234abcd_1712345678901',
  reason: 'stored_amount_invalid',
  providerAmount: 99,
  storedAmount: NaN,
  providerCurrency: 'INR',
  storedCurrency: 'INR'
}
[Cashfree Webhook] CRITICAL: refusing to grant premium {
  orderId: 'auramint_1234abcd_1712345678901',
  reason: 'stored_amount_invalid',
  providerAmount: 99,
  storedAmount: 'abc',
  providerCurrency: 'INR',
  storedCurrency: 'INR'
}
[Cashfree Webhook] CRITICAL: refusing to grant premium {
  orderId: 'auramint_1234abcd_1712345678901',
  reason: 'stored_amount_invalid',
  providerAmount: 99,
  storedAmount: '',
  providerCurrency: 'INR',
  storedCurrency: 'INR'
}
[Cashfree Webhook] CRITICAL: refusing to grant premium {
  orderId: 'auramint_1234abcd_1712345678901',
  reason: 'stored_currency_invalid',
  providerAmount: 99,
  storedAmount: 9900,
  providerCurrency: 'INR',
  storedCurrency: null
}
[Cashfree Webhook] CRITICAL: refusing to grant premium {
  orderId: 'auramint_1234abcd_1712345678901',
  reason: 'stored_currency_invalid',
  providerAmount: 99,
  storedAmount: 9900,
  providerCurrency: 'INR',
  storedCurrency: null
}
[Cashfree Webhook] CRITICAL: refusing to grant premium {
  orderId: 'auramint_1234abcd_1712345678901',
  reason: 'stored_currency_invalid',
  providerAmount: 99,
  storedAmount: 9900,
  providerCurrency: 'INR',
  storedCurrency: ''
}
[Cashfree Webhook] CRITICAL: refusing to grant premium {
  orderId: 'auramint_1234abcd_1712345678901',
  reason: 'stored_currency_invalid',
  providerAmount: 99,
  storedAmount: 9900,
  providerCurrency: 'INR',
  storedCurrency: '  '
}
[Cashfree Webhook] CRITICAL: refusing to grant premium {
  orderId: 'auramint_1234abcd_1712345678901',
  reason: 'stored_currency_invalid',
  providerAmount: 99,
  storedAmount: 9900,
  providerCurrency: 'INR',
  storedCurrency: 'US'
}
[Cashfree Webhook] CRITICAL: refusing to grant premium {
  orderId: 'auramint_1234abcd_1712345678901',
  reason: 'stored_currency_invalid',
  providerAmount: 99,
  storedAmount: 9900,
  providerCurrency: 'INR',
  storedCurrency: 123
}
[Cashfree Webhook] CRITICAL: refusing to grant premium {
  orderId: 'auramint_1234abcd_1712345678901',
  reason: 'provider_amount_invalid',
  providerAmount: null,
  storedAmount: 9900,
  providerCurrency: 'INR',
  storedCurrency: 'INR'
}
[Cashfree Webhook] Order not found: auramint_unknown_1
[Cashfree Webhook] Rejected unexpected order id format
[Cashfree Webhook] CRITICAL: order has no owner: auramint_1234abcd_1712345678901
[Cashfree Webhook] Failed to load order: db down
[Cashfree Webhook] Failed to mark order FAILED: db down
✔ plan constants are pinned (₹99 in paise, INR, 5 boosts) (4.0865ms)
✔ fulfillment: calls fulfill_premium_order with exactly the bound parameters (3.0936ms)
✔ fulfillment: every applied/recovered combination passes through unchanged (0.7007ms)
✔ fulfillment: a database error is surfaced verbatim and never reported ok (0.3913ms)
✔ fulfillment: a thrown transport fails closed without leaking the thrown message (0.4394ms)
✖ fulfillment: null and malformed RPC payloads are refused, never treated as applied (4.6963ms)
✔ fulfillment: missing or malformed identities never reach the RPC (1.8292ms)
✔ reconcile: calls reconcile_premium_entitlements with a bounded limit (1.0201ms)
✔ reconcile: zero counts and the boundary value 100 are accepted (0.8066ms)
✔ reconcile: impossible or out-of-bounds counts are refused (1.9901ms)
✔ reconcile: errors and thrown transports fail closed (0.818ms)
✔ webhook: a verified delivery fulfills atomically exactly once and reports OK (10.4936ms)
✔ webhook: an RPC that applied nothing and recovered nothing reports Already processed (1.4593ms)
✔ webhook: an RPC that recovered a missing entitlement reports Recovered (1.2745ms)
✔ webhook: recovered takes precedence in the response when both flags are set (0.9335ms)
✔ webhook: a pre-existing PAID row is still decided by the atomic RPC, not an app-level CAS (1.2042ms)
✔ webhook: fulfillment failure asks for a retry (500) and never reports success (1.3808ms)
✔ webhook: signature and configuration failures never reach fulfillment (1.7859ms)
✔ webhook: amount and currency refusals never reach fulfillment (11.8678ms)
✔ webhook: unknown orders, orphan orders and lookup errors never reach fulfillment (1.8301ms)
✔ webhook: a failure event only marks the order and never fulfills (1.507ms)
✔ webhook: a zero-row failure update acknowledges confirmed terminal states (PAID/FAILED/REFUNDED) (1.3627ms)
✔ webhook: a REFUNDED row is preserved on a late failure event (no PENDING→FAILED match) (0.7698ms)
✔ webhook: a still-PENDING zero-row failure is unverified and asks for a retry (1.3988ms)
✔ webhook: an empty payload with no order id is acknowledged without any state change (0.5211ms)
✔ premium: markOrderFailed only moves PENDING rows, located by cashfree_order_id (1.1588ms)
✔ premium: markOrderFailed leaves PAID/FAILED/REFUNDED rows untouched (0.4242ms)
✔ premium: markOrderFailed propagates database errors with updated:false (0.418ms)
✔ wiring: the webhook core exposes fulfillOrder and no legacy claim/grant deps (1.688ms)
✔ wiring: the webhook route resolves orders by cashfree_order_id and fulfils through the wrapper (1.34ms)
✖ wiring: no production module calls the retained legacy helpers (75.3104ms)
✔ wiring: the retained premium helpers still exist for legacy regression coverage (0.2511ms)
(node:21480) [MODULE_TYPELESS_PACKAGE_JSON] Warning: Module type of file:///C:/Users/Vikash%20Meena/Desktop/Automations/34-AuraTracker/auramint/src/lib/actions/payment-fulfillment.ts is not specified and it doesn't parse as CommonJS.
Reparsing as ES module because module syntax was detected. This incurs a performance overhead.
To eliminate this warning, add "type": "module" to C:\Users\Vikash Meena\Desktop\Automations\34-AuraTracker\auramint\package.json.
(Use `node --trace-warnings ...` to show where the warning was created)
(node:15128) ExperimentalWarning: `--experimental-loader` may be removed in the future; instead use `register()`:
--import 'data:text/javascript,import { register } from "node:module"; import { pathToFileURL } from "node:url"; register("./_audit/loader.mjs", pathToFileURL("./")); register("./_audit/loader.mjs", pathToFileURL("./"));'
(Use `node --trace-warnings ...` to show where the warning was created)
[rate-limit] UPSTASH_REDIS_REST_URL/UPSTASH_REDIS_REST_TOKEN are not configured { scope: 'ai.submit_event' }
[rate-limit] UPSTASH_REDIS_REST_URL/UPSTASH_REDIS_REST_TOKEN are not configured { scope: 'ai.submit_event' }
[rate-limit] Upstash returned a non-OK status { scope: 'payment.create_order', status: 502 }
[rate-limit] Upstash request failed { scope: 'payment.create_order', kind: 'Error' }
[rate-limit] Upstash response was not a JSON object { scope: 'payment.create_order' }
[rate-limit] Upstash returned an error result { scope: 'payment.create_order' }
[rate-limit] Upstash EVAL returned an unexpected shape { scope: 'payment.create_order' }
[rate-limit] Upstash EVAL returned a non-numeric count { scope: 'payment.create_order' }
[rate-limit] Configured Upstash URL is not acceptable { scope: 'ai.submit_event' }
[rate-limit] Invalid limiter scope/subject
[rate-limit] Invalid limiter scope/subject
[rate-limit] Invalid limiter budget { scope: 'ok.scope' }
[rate-limit] Invalid limiter budget { scope: 'ok.scope' }
[rate-limit] Invalid limiter budget { scope: 'ok.scope' }
✔ rate-limit: key is namespaced, deterministic and does not expose the subject (4.0912ms)
✔ rate-limit: readUpstashConfig is conservative about missing/short/bad config (2.3786ms)
✔ rate-limit: sends one atomic EVAL with the namespaced key and window (3.3456ms)
✔ rate-limit: allows at the limit and denies above it (2.9386ms)
✔ rate-limit: production fails closed on missing config, other envs degrade (2.4946ms)
✔ rate-limit: production fails closed on provider failures (8.8144ms)
✔ rate-limit: production rejects a non-HTTPS Upstash URL (1.3326ms)
✔ rate-limit: invalid budgets/scopes fail closed and never call the provider (2.9745ms)
✔ rate-limit: a missing TTL falls back to the configured window (6.2819ms)
✔ rate-limit: user messages never leak internals or the token (1.9098ms)
✔ feed-aggregates: counts only allowlisted reaction types (2.2452ms)
✔ feed-aggregates: indexes the viewer's own vote and reaction only when valid (0.8356ms)
✔ payment-repair: decision table is fail-closed on unreadable state (1.2879ms)
✔ payment-repair: already-premium orders are left untouched (no boost reset) (3.1889ms)
✔ payment-repair: grants exactly once when premium is missing (1.9239ms)
✔ payment-repair: never reports success when state is unreadable or grant fails (0.9629ms)
(node:15128) [MODULE_TYPELESS_PACKAGE_JSON] Warning: Module type of file:///C:/Users/Vikash%20Meena/Desktop/Automations/34-AuraTracker/auramint/src/lib/rate-limit.ts is not specified and it doesn't parse as CommonJS.
Reparsing as ES module because module syntax was detected. This incurs a performance overhead.
To eliminate this warning, add "type": "module" to C:\Users\Vikash Meena\Desktop\Automations\34-AuraTracker\auramint\package.json.
(Use `node --trace-warnings ...` to show where the warning was created)
(node:14568) ExperimentalWarning: `--experimental-loader` may be removed in the future; instead use `register()`:
--import 'data:text/javascript,import { register } from "node:module"; import { pathToFileURL } from "node:url"; register("./_audit/loader.mjs", pathToFileURL("./")); register("./_audit/loader.mjs", pathToFileURL("./"));'
(Use `node --trace-warnings ...` to show where the warning was created)
[Cashfree Webhook] Invalid signature — delivery rejected
[Cashfree Webhook] Invalid signature — delivery rejected
[Cashfree Webhook] Missing x-webhook-timestamp header
[Cashfree Webhook] CRITICAL: CASHFREE_WEBHOOK_SECRET not configured
[Cashfree Webhook] Body is not valid JSON
[Cashfree Webhook] Payload failed validation
[Cashfree Webhook] CRITICAL: refusing to grant premium {
  orderId: 'auramint_1234abcd_1712345678901',
  reason: 'amount_mismatch',
  providerAmount: 1,
  storedAmount: 9900,
  providerCurrency: 'INR',
  storedCurrency: 'INR'
}
[Cashfree Webhook] CRITICAL: refusing to grant premium {
  orderId: 'auramint_1234abcd_1712345678901',
  reason: 'currency_mismatch',
  providerAmount: 99,
  storedAmount: 9900,
  providerCurrency: 'USD',
  storedCurrency: 'INR'
}
[Cashfree Webhook] Order not found: auramint_zzzz_1
[Cashfree Webhook] Rejected unexpected order id format
[Cashfree Webhook] Order not found: auramint_zzzz_1
[Cashfree Webhook] CRITICAL: order has no owner: auramint_1234abcd_1712345678901
[Cashfree Webhook] Payment failed: auramint_1234abcd_1712345678901
✔ safeRedirectPath: rejects open-redirect payloads (1.9294ms)
✔ safeRedirectPath: every result is a safe same-origin path (0.5533ms)
✔ safeRedirectPath: keeps legitimate same-origin paths (0.1869ms)
✔ resolveTrustedOrigin: ignores attacker-controlled host data (0.3287ms)
✔ cron authorization: fails closed when CRON_SECRET is missing or short (0.2786ms)
✔ cron authorization: rejects the `Bearer undefined` bypass (0.1614ms)
✔ cron authorization: requires an exact, constant-time match (0.4372ms)
✔ timingSafeEquals: never matches empty or absent values (0.2009ms)
✔ escapeHtml neutralises markup and attribute breakouts (0.4492ms)
✔ sanitizePlainText strips tags/control chars and bounds length (0.6134ms)
✔ truncateCodePoints preserves emoji and rejects non-strings (0.2003ms)
✔ clampAuraPoints rejects NaN and clamps the model range (0.2116ms)
✔ amountsMatch compares provider major units against stored minor units (0.2434ms)
✔ isValidOrderId only accepts our own order id format (0.1827ms)
✔ isSafeId / isVoteValue / isReactionType / safeStatusToken (0.3017ms)
✔ isValidEmailAddress blocks header injection and multi-recipient input (0.2269ms)
✔ boundedInt clamps pagination (0.1265ms)
✖ webhook: valid payment grants entitlements exactly once (5.3324ms)
✖ webhook: duplicate delivery is idempotent (no second grant) (1.097ms)
✖ webhook: repairs a paid order whose entitlement was lost to a crash (0.8412ms)
✖ webhook: returns 5xx when a paid order's entitlement cannot be verified (0.7614ms)
✔ webhook: forged signature is rejected before any state change (1.8517ms)
✔ webhook: signature forged over a different timestamp is rejected (0.5349ms)
✔ webhook: missing timestamp or missing secret fails closed (0.4925ms)
✔ webhook: malformed JSON and unexpected payloads are rejected safely (2.1739ms)
✔ webhook: refuses to grant premium when the paid amount differs (1.0376ms)
✔ webhook: refuses to grant premium when the currency differs (0.7043ms)
✔ webhook: unknown order ids change nothing (0.4568ms)
✔ webhook: order id that is not ours is ignored (path traversal guard) (0.3707ms)
✔ webhook: an order without an owner is never granted (0.7955ms)
✔ webhook: FAILED payments only mark the order, never touch entitlements (0.6012ms)
✖ webhook: entitlement failure reverts the claim and asks for a retry (0.6947ms)
✖ webhook: claim failure surfaces as a retryable error (0.6ms)
✔ verifyCashfreeSignature: rejects empty inputs and wrong lengths (0.2269ms)
✔ coerceAuraResult clamps, sanitises and falls back (2.2922ms)
✔ buildAuraUserPrompt fences untrusted text and strips delimiter forgery (1.7195ms)
✔ fallback scorer uses word boundaries (no substring free points) (1.6304ms)
✔ fallback scorer always returns a complete, bounded result (0.2105ms)
✔ welcome email neutralises a markup username (strip + escape) (0.685ms)
✔ daily report email neutralises AI output and user descriptions (25.5256ms)
✔ streak + weekly digest emails neutralise every interpolated value (0.6978ms)
✔ email preheader is escaped by the layout (4.1361ms)
✔ route policy covers the whole authenticated app and is segment-exact (0.391ms)
(node:14568) [MODULE_TYPELESS_PACKAGE_JSON] Warning: Module type of file:///C:/Users/Vikash%20Meena/Desktop/Automations/34-AuraTracker/auramint/src/lib/actions/safety.ts is not specified and it doesn't parse as CommonJS.
Reparsing as ES module because module syntax was detected. This incurs a performance overhead.
To eliminate this warning, add "type": "module" to C:\Users\Vikash Meena\Desktop\Automations\34-AuraTracker\auramint\package.json.
(Use `node --trace-warnings ...` to show where the warning was created)
(node:16628) ExperimentalWarning: `--experimental-loader` may be removed in the future; instead use `register()`:
--import 'data:text/javascript,import { register } from "node:module"; import { pathToFileURL } from "node:url"; register("./_audit/loader.mjs", pathToFileURL("./")); register("./_audit/loader.mjs", pathToFileURL("./"));'
(Use `node --trace-warnings ...` to show where the warning was created)
[Cashfree Webhook] CRITICAL: refusing to grant premium {
  orderId: 'auramint_1234abcd_1712345678901',
  reason: 'stored_amount_invalid',
  providerAmount: 99,
  storedAmount: null,
  providerCurrency: 'INR',
  storedCurrency: 'INR'
}
[Cashfree Webhook] CRITICAL: refusing to grant premium {
  orderId: 'auramint_1234abcd_1712345678901',
  reason: 'stored_amount_invalid',
  providerAmount: 99,
  storedAmount: null,
  providerCurrency: 'INR',
  storedCurrency: 'INR'
}
[Cashfree Webhook] CRITICAL: refusing to grant premium {
  orderId: 'auramint_1234abcd_1712345678901',
  reason: 'stored_amount_invalid',
  providerAmount: 99,
  storedAmount: 0,
  providerCurrency: 'INR',
  storedCurrency: 'INR'
}
[Cashfree Webhook] CRITICAL: refusing to grant premium {
  orderId: 'auramint_1234abcd_1712345678901',
  reason: 'stored_amount_invalid',
  providerAmount: 99,
  storedAmount: -9900,
  providerCurrency: 'INR',
  storedCurrency: 'INR'
}
[Cashfree Webhook] CRITICAL: refusing to grant premium {
  orderId: 'auramint_1234abcd_1712345678901',
  reason: 'stored_amount_invalid',
  providerAmount: 99,
  storedAmount: NaN,
  providerCurrency: 'INR',
  storedCurrency: 'INR'
}
[Cashfree Webhook] CRITICAL: refusing to grant premium {
  orderId: 'auramint_1234abcd_1712345678901',
  reason: 'stored_amount_invalid',
  providerAmount: 99,
  storedAmount: 'abc',
  providerCurrency: 'INR',
  storedCurrency: 'INR'
}
[Cashfree Webhook] CRITICAL: refusing to grant premium {
  orderId: 'auramint_1234abcd_1712345678901',
  reason: 'stored_amount_invalid',
  providerAmount: 99,
  storedAmount: '',
  providerCurrency: 'INR',
  storedCurrency: 'INR'
}
[Cashfree Webhook] CRITICAL: refusing to grant premium {
  orderId: 'auramint_1234abcd_1712345678901',
  reason: 'stored_amount_invalid',
  providerAmount: 99,
  storedAmount: {},
  providerCurrency: 'INR',
  storedCurrency: 'INR'
}
[Cashfree Webhook] CRITICAL: refusing to grant premium {
  orderId: 'auramint_1234abcd_1712345678901',
  reason: 'stored_currency_invalid',
  providerAmount: 99,
  storedAmount: 9900,
  providerCurrency: 'INR',
  storedCurrency: null
}
[Cashfree Webhook] CRITICAL: refusing to grant premium {
  orderId: 'auramint_1234abcd_1712345678901',
  reason: 'stored_currency_invalid',
  providerAmount: 99,
  storedAmount: 9900,
  providerCurrency: 'INR',
  storedCurrency: null
}
[Cashfree Webhook] CRITICAL: refusing to grant premium {
  orderId: 'auramint_1234abcd_1712345678901',
  reason: 'stored_currency_invalid',
  providerAmount: 99,
  storedAmount: 9900,
  providerCurrency: 'INR',
  storedCurrency: ''
}
[Cashfree Webhook] CRITICAL: refusing to grant premium {
  orderId: 'auramint_1234abcd_1712345678901',
  reason: 'stored_currency_invalid',
  providerAmount: 99,
  storedAmount: 9900,
  providerCurrency: 'INR',
  storedCurrency: '  '
}
[Cashfree Webhook] CRITICAL: refusing to grant premium {
  orderId: 'auramint_1234abcd_1712345678901',
  reason: 'stored_currency_invalid',
  providerAmount: 99,
  storedAmount: 9900,
  providerCurrency: 'INR',
  storedCurrency: 'US'
}
[Cashfree Webhook] CRITICAL: refusing to grant premium {
  orderId: 'auramint_1234abcd_1712345678901',
  reason: 'stored_currency_invalid',
  providerAmount: 99,
  storedAmount: 9900,
  providerCurrency: 'INR',
  storedCurrency: 123
}
[Cashfree Webhook] CRITICAL: refusing to grant premium {
  orderId: 'auramint_1234abcd_1712345678901',
  reason: 'provider_amount_invalid',
  providerAmount: null,
  storedAmount: 9900,
  providerCurrency: 'INR',
  storedCurrency: 'INR'
}
[Cashfree Webhook] CRITICAL: refusing to grant premium {
  orderId: 'auramint_1234abcd_1712345678901',
  reason: 'provider_amount_invalid',
  providerAmount: 'abc',
  storedAmount: 9900,
  providerCurrency: 'INR',
  storedCurrency: 'INR'
}
[Cashfree Webhook] CRITICAL: refusing to grant premium {
  orderId: 'auramint_1234abcd_1712345678901',
  reason: 'provider_currency_invalid',
  providerAmount: 99,
  storedAmount: 9900,
  providerCurrency: null,
  storedCurrency: 'INR'
}
[Cashfree Webhook] CRITICAL: refusing to grant premium {
  orderId: 'auramint_1234abcd_1712345678901',
  reason: 'provider_currency_invalid',
  providerAmount: 99,
  storedAmount: 9900,
  providerCurrency: '',
  storedCurrency: 'INR'
}
[Cashfree Webhook] CRITICAL: refusing to grant premium {
  orderId: 'auramint_1234abcd_1712345678901',
  reason: 'provider_currency_invalid',
  providerAmount: 99,
  storedAmount: 9900,
  providerCurrency: '  ',
  storedCurrency: 'INR'
}
[Cashfree Webhook] CRITICAL: refusing to grant premium {
  orderId: 'auramint_1234abcd_1712345678901',
  reason: 'amount_mismatch',
  providerAmount: 1,
  storedAmount: 9900,
  providerCurrency: 'INR',
  storedCurrency: 'INR'
}
[Cashfree Webhook] CRITICAL: refusing to grant premium {
  orderId: 'auramint_1234abcd_1712345678901',
  reason: 'currency_mismatch',
  providerAmount: 99,
  storedAmount: 9900,
  providerCurrency: 'USD',
  storedCurrency: 'INR'
}
[Cashfree Webhook] CRITICAL: refusing to grant premium {
  orderId: 'auramint_1234abcd_1712345678901',
  reason: 'stored_amount_invalid',
  providerAmount: 99,
  storedAmount: null,
  providerCurrency: 'INR',
  storedCurrency: 'INR'
}
[Cashfree Webhook] CRITICAL: refusing to grant premium {
  orderId: 'auramint_1234abcd_1712345678901',
  reason: 'plan_currency_mismatch',
  providerAmount: 99,
  storedAmount: 9900,
  providerCurrency: 'USD',
  storedCurrency: 'USD'
}
✔ verification: a valid stored order with a matching provider report passes (4.278ms)
✔ verification: every missing/malformed stored amount fails closed (0.5481ms)
✔ verification: every missing/malformed stored currency fails closed (0.6191ms)
✔ verification: every missing/malformed provider amount fails closed (0.5841ms)
✔ verification: every missing/malformed provider currency fails closed (0.4849ms)
✔ verification: amount and currency mismatches are distinguished (0.3599ms)
✔ verification: accepted forms are exact and do not soften the comparison (0.2582ms)
✔ verification: normalisers reject junk without throwing (0.3487ms)
✔ verification: every failure maps to an existing or explicitly new audit action (0.636ms)
✔ webhook: a stored order without a usable amount never claims or grants (17.2727ms)
✔ webhook: a stored order without a usable currency never claims or grants (6.1389ms)
✔ webhook: a provider success event without an amount never claims or grants (1.9336ms)
✔ webhook: a provider success event without a usable currency never claims or grants (2.2418ms)
✔ webhook: amounts that are present but different keep the mismatch behaviour (1.6979ms)
✖ webhook: a fully valid delivery still grants exactly once (no over-hardening) (1.8862ms)
✖ webhook: a refused delivery leaves the order claimable for a later valid one (1.833ms)
✔ premium: a grant that matches zero profile rows fails instead of reporting success (1.3807ms)
✔ premium: a grant that matches exactly one profile row succeeds (0.5331ms)
✔ premium: a database error still fails the grant with its message (0.38ms)
✔ premium: an empty user id fails before any database call (0.5653ms)
✔ premium: claimOrderAsPaid only reports a claim when a row was actually updated (1.2228ms)
✖ wiring: verifyPayment uses the shared fail-closed decision, not permissive skips (4.3329ms)
✔ verification: a matched pair of non-plan currencies is still refused (0.3116ms)
✔ verification: the plan pin maps and reports like other currency refusals (0.1711ms)
✔ wiring: order creation and the provider call both pin PLAN_CURRENCY (2.3941ms)
✖ premium: markOrderFailed reports whether a row was actually updated (3.4938ms)
✔ webhook: matching non-plan currency never claims or grants (1.1471ms)
✔ webhook: zero-row failure updates acknowledge only verified terminal states (2.8437ms)
✔ webhook: failed transition readback errors ask for retry (3.6832ms)
✔ wiring: analytics win semantics treat zero-point strikes as neutral (1.8261ms)
(node:16628) [MODULE_TYPELESS_PACKAGE_JSON] Warning: Module type of file:///C:/Users/Vikash%20Meena/Desktop/Automations/34-AuraTracker/auramint/src/lib/actions/payment-verification.ts is not specified and it doesn't parse as CommonJS.
Reparsing as ES module because module syntax was detected. This incurs a performance overhead.
To eliminate this warning, add "type": "module" to C:\Users\Vikash Meena\Desktop\Automations\34-AuraTracker\auramint\package.json.
(Use `node --trace-warnings ...` to show where the warning was created)
ℹ tests 121
ℹ suites 0
ℹ pass 109
ℹ fail 12
ℹ cancelled 0
ℹ skipped 0
ℹ todo 0
ℹ duration_ms 2049.3155

✖ failing tests:

test at _audit\atomic-payment-tests.mjs:140:1
✖ fulfillment: null and malformed RPC payloads are refused, never treated as applied (4.6963ms)
  AssertionError [ERR_ASSERTION]: expected refusal for {"applied":true,"recovered":false,"extra":"ignored"}
  
  true !== false
  
      at TestContext.<anonymous> (file:///C:/Users/Vikash%20Meena/Desktop/Automations/34-AuraTracker/auramint/_audit/atomic-payment-tests.mjs:161:12)
      at process.processTicksAndRejections (node:internal/process/task_queues:104:5)
      at async Test.run (node:internal/test_runner/test:1125:7)
      at async Test.processPendingSubtests (node:internal/test_runner/test:787:7) {
    generatedMessage: false,
    code: 'ERR_ASSERTION',
    actual: true,
    expected: false,
    operator: 'strictEqual',
    diff: 'simple'
  }

test at _audit\atomic-payment-tests.mjs:761:1
✖ wiring: no production module calls the retained legacy helpers (75.3104ms)
  AssertionError [ERR_ASSERTION]: src\lib\actions\payment-verification.ts must not reference the legacy helper grantPremiumEntitlements
  
  true !== false
  
      at TestContext.<anonymous> (file:///C:/Users/Vikash%20Meena/Desktop/Automations/34-AuraTracker/auramint/_audit/atomic-payment-tests.mjs:784:14)
      at Test.runInAsyncScope (node:async_hooks:228:14)
      at Test.run (node:internal/test_runner/test:1118:25)
      at Test.processPendingSubtests (node:internal/test_runner/test:787:18)
      at Test.postRun (node:internal/test_runner/test:1247:19)
      at Test.run (node:internal/test_runner/test:1175:12)
      at process.processTicksAndRejections (node:internal/process/task_queues:104:5)
      at async Test.processPendingSubtests (node:internal/test_runner/test:787:7) {
    generatedMessage: false,
    code: 'ERR_ASSERTION',
    actual: true,
    expected: false,
    operator: 'strictEqual',
    diff: 'simple'
  }

test at _audit\backend-tests.mjs:347:1
✖ webhook: valid payment grants entitlements exactly once (5.3324ms)
  TypeError: deps.fulfillOrder is not a function
      at Module.handleCashfreeWebhookEvent (file:///C:/Users/Vikash%20Meena/Desktop/Automations/34-AuraTracker/auramint/src/lib/actions/payment-webhook.ts:236:32)
      at process.processTicksAndRejections (node:internal/process/task_queues:104:5)

test at _audit\backend-tests.mjs:357:1
✖ webhook: duplicate delivery is idempotent (no second grant) (1.097ms)
  TypeError: deps.fulfillOrder is not a function
      at Module.handleCashfreeWebhookEvent (file:///C:/Users/Vikash%20Meena/Desktop/Automations/34-AuraTracker/auramint/src/lib/actions/payment-webhook.ts:236:32)
      at process.processTicksAndRejections (node:internal/process/task_queues:104:5)

test at _audit\backend-tests.mjs:369:1
✖ webhook: repairs a paid order whose entitlement was lost to a crash (0.8412ms)
  TypeError: deps.fulfillOrder is not a function
      at Module.handleCashfreeWebhookEvent (file:///C:/Users/Vikash%20Meena/Desktop/Automations/34-AuraTracker/auramint/src/lib/actions/payment-webhook.ts:236:32)
      at process.processTicksAndRejections (node:internal/process/task_queues:104:5)

test at _audit\backend-tests.mjs:380:1
✖ webhook: returns 5xx when a paid order's entitlement cannot be verified (0.7614ms)
  TypeError: deps.fulfillOrder is not a function
      at Module.handleCashfreeWebhookEvent (file:///C:/Users/Vikash%20Meena/Desktop/Automations/34-AuraTracker/auramint/src/lib/actions/payment-webhook.ts:236:32)
      at process.processTicksAndRejections (node:internal/process/task_queues:104:5)

test at _audit\backend-tests.mjs:523:1
✖ webhook: entitlement failure reverts the claim and asks for a retry (0.6947ms)
  TypeError: deps.fulfillOrder is not a function
      at Module.handleCashfreeWebhookEvent (file:///C:/Users/Vikash%20Meena/Desktop/Automations/34-AuraTracker/auramint/src/lib/actions/payment-webhook.ts:236:32)
      at process.processTicksAndRejections (node:internal/process/task_queues:104:5)

test at _audit\backend-tests.mjs:533:1
✖ webhook: claim failure surfaces as a retryable error (0.6ms)
  TypeError: deps.fulfillOrder is not a function
      at Module.handleCashfreeWebhookEvent (file:///C:/Users/Vikash%20Meena/Desktop/Automations/34-AuraTracker/auramint/src/lib/actions/payment-webhook.ts:236:32)
      at process.processTicksAndRejections (node:internal/process/task_queues:104:5)

test at _audit\payment-final-hardening-tests.mjs:368:1
✖ webhook: a fully valid delivery still grants exactly once (no over-hardening) (1.8862ms)
  TypeError: deps.fulfillOrder is not a function
      at Module.handleCashfreeWebhookEvent (file:///C:/Users/Vikash%20Meena/Desktop/Automations/34-AuraTracker/auramint/src/lib/actions/payment-webhook.ts:236:32)
      at process.processTicksAndRejections (node:internal/process/task_queues:104:5)

test at _audit\payment-final-hardening-tests.mjs:379:1
✖ webhook: a refused delivery leaves the order claimable for a later valid one (1.833ms)
  TypeError: deps.fulfillOrder is not a function
      at Module.handleCashfreeWebhookEvent (file:///C:/Users/Vikash%20Meena/Desktop/Automations/34-AuraTracker/auramint/src/lib/actions/payment-webhook.ts:236:32)
      at process.processTicksAndRejections (node:internal/process/task_queues:104:5)

test at _audit\payment-final-hardening-tests.mjs:496:1
✖ wiring: verifyPayment uses the shared fail-closed decision, not permissive skips (4.3329ms)
  AssertionError [ERR_ASSERTION]: verification must precede the claim
      at TestContext.<anonymous> (file:///C:/Users/Vikash%20Meena/Desktop/Automations/34-AuraTracker/auramint/_audit/payment-final-hardening-tests.mjs:517:10)
      at Test.runInAsyncScope (node:async_hooks:228:14)
      at Test.run (node:internal/test_runner/test:1118:25)
      at Test.processPendingSubtests (node:internal/test_runner/test:787:18)
      at Test.postRun (node:internal/test_runner/test:1247:19)
      at Test.run (node:internal/test_runner/test:1175:12)
      at process.processTicksAndRejections (node:internal/process/task_queues:104:5)
      at async Test.processPendingSubtests (node:internal/test_runner/test:787:7) {
    generatedMessage: false,
    code: 'ERR_ASSERTION',
    actual: false,
    expected: true,
    operator: '==',
    diff: 'simple'
  }

test at _audit\payment-final-hardening-tests.mjs:551:1
✖ premium: markOrderFailed reports whether a row was actually updated (3.4938ms)
  AssertionError [ERR_ASSERTION]: Expected values to be strictly deep-equal:
  + actual - expected
  
  + []
  - [
  -   [
  -     'status',
  -     'PAID'
  -   ],
  -   [
  -     'status',
  -     'FAILED'
  -   ]
  - ]
  
      at TestContext.<anonymous> (file:///C:/Users/Vikash%20Meena/Desktop/Automations/34-AuraTracker/auramint/_audit/payment-final-hardening-tests.mjs:557:10)
      at process.processTicksAndRejections (node:internal/process/task_queues:104:5)
      at async Test.run (node:internal/test_runner/test:1125:7)
      at async Test.processPendingSubtests (node:internal/test_runner/test:787:7) {
    generatedMessage: true,
    code: 'ERR_ASSERTION',
    actual: [],
    expected: [ [ 'status', 'PAID' ], [ 'status', 'FAILED' ] ],
    operator: 'deepStrictEqual',
    diff: 'simple'
  }
